{
  "ExtraMembers": [
    "Void .ctor(System.Diagnostics.Process)"
  ],
  "MissingMembers": [
    "System.ComponentModel.IContainer Container",
    "System.ComponentModel.IContainer get_Container()",
    "System.ComponentModel.ISite Site",
    "System.ComponentModel.ISite get_Site()",
    "System.Diagnostics.Abstracted.IProcess Start(System.String, System.Collections.Generic.IEnumerable`1[System.String])",
    "System.Object GetLifetimeService()",
    "System.Object InitializeLifetimeService()",
    "System.Threading.Tasks.Task WaitForExitAsync(System.Threading.CancellationToken)",
    "Void .ctor()",
    "Void Kill(Boolean)",
    "Void set_Site(System.ComponentModel.ISite)"
  ]
}
